// Jest Snapshot v1, https://goo.gl/fbAQLP

exports[`init should add vue dependencies 1`] = `
{
  "dependencies": {
    "vue": "^3.3.4",
    "vue-router": "^4.2.4",
    "vue-tsc": "^1.8.8",
  },
  "devDependencies": {
    "@nx/js": "0.0.1",
    "@nx/vue": "0.0.1",
    "@swc-node/register": "~1.6.7",
    "@swc/core": "~1.3.85",
    "@vitejs/plugin-vue": "^4.3.1",
    "@vue/test-utils": "^2.4.1",
    "@vue/tsconfig": "^0.4.0",
    "prettier": "^2.6.2",
    "typescript": "~5.1.3",
  },
  "name": "@proj/source",
}
`;
