// Jest Snapshot v1, https://goo.gl/fbAQLP

exports[`init should add nuxt dependencies 1`] = `
{
  "dependencies": {},
  "devDependencies": {
    "@nuxt/devtools": "1.0.0-beta.0",
    "@nx/js": "0.0.1",
    "@nx/nuxt": "0.0.1",
    "@swc-node/register": "~1.6.7",
    "@swc/core": "~1.3.85",
    "h3": "^1.8.2",
    "nuxt": "^3.7.4",
    "prettier": "^2.6.2",
    "typescript": "~5.1.3",
    "vue": "^3.3.4",
    "vue-router": "^4.2.4",
  },
  "name": "@proj/source",
}
`;
