// Jest Snapshot v1, https://goo.gl/fbAQLP

exports[`application generator should set up project correctly with given options 1`] = `
"{
  "root": true,
  "ignorePatterns": ["**/*"],
  "plugins": ["@nx"],
  "overrides": [
    {
      "files": ["*.ts", "*.tsx", "*.js", "*.jsx", "*.vue"],
      "rules": {
        "@nx/enforce-module-boundaries": [
          "error",
          {
            "enforceBuildableLibDependency": true,
            "allow": [],
            "depConstraints": [
              {
                "sourceTag": "*",
                "onlyDependOnLibsWithTags": ["*"]
              }
            ]
          }
        ]
      }
    },
    {
      "files": ["*.ts", "*.tsx"],
      "extends": ["plugin:@nx/typescript"],
      "rules": {}
    },
    {
      "files": ["*.js", "*.jsx"],
      "extends": ["plugin:@nx/javascript"],
      "rules": {}
    }
  ]
}
"
`;

exports[`application generator should set up project correctly with given options 2`] = `
"/// <reference types='vitest' />
import { defineConfig } from 'vite';
import vue from '@vitejs/plugin-vue';
import { nxViteTsPaths } from '@nx/vite/plugins/nx-tsconfig-paths.plugin';

export default defineConfig({
  cacheDir: '../node_modules/.vite/test',

  server: {
    port: 4200,
    host: 'localhost',
  },

  preview: {
    port: 4300,
    host: 'localhost',
  },

  plugins: [vue(), nxViteTsPaths()],

  // Uncomment this if you are using workers.
  // worker: {
  //  plugins: [ nxViteTsPaths() ],
  // },

  test: {
    globals: true,
    cache: {
      dir: '../node_modules/.vitest',
    },
    environment: 'jsdom',
    include: ['src/**/*.{test,spec}.{js,mjs,cjs,ts,mts,cts,jsx,tsx}'],
  },
});
"
`;

exports[`application generator should set up project correctly with given options 3`] = `
"{
  "name": "test",
  "$schema": "../node_modules/nx/schemas/project-schema.json",
  "projectType": "application",
  "sourceRoot": "test/src",
  "targets": {
    "lint": {
      "executor": "@nx/eslint:lint",
      "outputs": ["{options.outputFile}"],
      "options": {
        "lintFilePatterns": ["test/**/*.{ts,tsx,js,jsx,vue}"]
      }
    },
    "build": {
      "executor": "@nx/vite:build",
      "outputs": ["{options.outputPath}"],
      "defaultConfiguration": "production",
      "options": {
        "outputPath": "dist/test",
        "skipTypeCheck": true
      },
      "configurations": {
        "development": {
          "mode": "development"
        },
        "production": {
          "mode": "production"
        }
      }
    },
    "serve": {
      "executor": "@nx/vite:dev-server",
      "defaultConfiguration": "development",
      "options": {
        "buildTarget": "test:build"
      },
      "configurations": {
        "development": {
          "buildTarget": "test:build:development",
          "hmr": true
        },
        "production": {
          "buildTarget": "test:build:production",
          "hmr": false
        }
      }
    },
    "preview": {
      "executor": "@nx/vite:preview-server",
      "defaultConfiguration": "development",
      "options": {
        "buildTarget": "test:build"
      },
      "configurations": {
        "development": {
          "buildTarget": "test:build:development"
        },
        "production": {
          "buildTarget": "test:build:production"
        }
      }
    },
    "test": {
      "executor": "@nx/vite:test",
      "outputs": ["{options.reportsDirectory}"],
      "options": {
        "passWithNoTests": true,
        "reportsDirectory": "../coverage/test"
      }
    },
    "serve-static": {
      "executor": "@nx/web:file-server",
      "options": {
        "buildTarget": "test:build"
      }
    }
  }
}
"
`;

exports[`application generator should set up project correctly with given options 4`] = `
"{
  "extends": [
    "plugin:vue/vue3-essential",
    "eslint:recommended",
    "@vue/eslint-config-typescript",
    "@vue/eslint-config-prettier/skip-formatting",
    "../.eslintrc.json"
  ],
  "ignorePatterns": ["!**/*"],
  "overrides": [
    {
      "files": ["*.ts", "*.tsx", "*.js", "*.jsx", "*.vue"],
      "rules": {
        "vue/multi-word-component-names": "off"
      }
    }
  ]
}
"
`;

exports[`application generator should set up project correctly with given options 5`] = `null`;

exports[`application generator should set up project correctly with given options 6`] = `
[
  ".eslintignore",
  ".eslintrc.json",
  ".prettierignore",
  ".prettierrc",
  "nx.json",
  "package.json",
  "test-e2e/.eslintrc.json",
  "test-e2e/cypress.config.ts",
  "test-e2e/project.json",
  "test-e2e/src/e2e/app.cy.ts",
  "test-e2e/src/fixtures/example.json",
  "test-e2e/src/support/app.po.ts",
  "test-e2e/src/support/commands.ts",
  "test-e2e/src/support/e2e.ts",
  "test-e2e/tsconfig.json",
  "test/.eslintrc.json",
  "test/index.html",
  "test/project.json",
  "test/src/app/App.spec.ts",
  "test/src/app/App.vue",
  "test/src/app/NxWelcome.vue",
  "test/src/main.ts",
  "test/src/styles.css",
  "test/tsconfig.app.json",
  "test/tsconfig.json",
  "test/tsconfig.spec.json",
  "test/vite.config.ts",
  "tsconfig.base.json",
]
`;
