// Jest Snapshot v1, https://goo.gl/fbAQLP

exports[`lib --bundler none, unit test runner vitest should configure vite 1`] = `
"import { defineConfig } from 'vite';
import react from '@vitejs/plugin-react';
import { nxViteTsPaths } from '@nx/vite/plugins/nx-tsconfig-paths.plugin';

export default defineConfig({
  cacheDir: '../node_modules/.vite/my-lib',

  plugins: [react(), nxViteTsPaths()],

  // Uncomment this if you are using workers.
  // worker: {
  //  plugins: [ nxViteTsPaths() ],
  // },

  test: {
    globals: true,
    cache: { dir: '../node_modules/.vitest' },
    environment: 'jsdom',
    include: ['src/**/*.{test,spec}.{js,mjs,cjs,ts,mts,cts,jsx,tsx}'],
  },
});
"
`;

exports[`lib should add vite types to tsconfigs 1`] = `
"/// <reference types='vitest' />
import { defineConfig } from 'vite';
import react from '@vitejs/plugin-react';
import dts from 'vite-plugin-dts';
import * as path from 'path';
import { nxViteTsPaths } from '@nx/vite/plugins/nx-tsconfig-paths.plugin';

export default defineConfig({
  cacheDir: '../node_modules/.vite/my-lib',

  plugins: [
    react(),
    nxViteTsPaths(),
    dts({
      entryRoot: 'src',
      tsConfigFilePath: path.join(__dirname, 'tsconfig.lib.json'),
      skipDiagnostics: true,
    }),
  ],

  // Uncomment this if you are using workers.
  // worker: {
  //  plugins: [ nxViteTsPaths() ],
  // },

  // Configuration for building your library.
  // See: https://vitejs.dev/guide/build.html#library-mode
  build: {
    lib: {
      // Could also be a dictionary or array of multiple entry points.
      entry: 'src/index.ts',
      name: 'my-lib',
      fileName: 'index',
      // Change this to the formats you want to support.
      // Don't forget to update your package.json as well.
      formats: ['es', 'cjs'],
    },
    rollupOptions: {
      // External packages that should not be bundled into your library.
      external: ['react', 'react-dom', 'react/jsx-runtime'],
    },
  },

  test: {
    globals: true,
    cache: {
      dir: '../node_modules/.vitest',
    },
    environment: 'jsdom',
    include: ['src/**/*.{test,spec}.{js,mjs,cjs,ts,mts,cts,jsx,tsx}'],
  },
});
"
`;
