// Jest Snapshot v1, https://goo.gl/fbAQLP

exports[`@nx/storybook:init dependencies for package.json should add angular related dependencies when using Angular as uiFramework 1`] = `
{
  "dependencies": {
    "existing": "1.0.0",
    "react": "^18.2.0",
    "react-dom": "^18.2.0",
  },
  "devDependencies": {
    "@angular/forms": "*",
    "@nx/js": "0.0.1",
    "@nx/storybook": "0.0.1",
    "@storybook/addon-essentials": "7.2.2",
    "@storybook/angular": "7.2.2",
    "@storybook/core-server": "7.2.2",
    "@swc-node/register": "~1.6.7",
    "@swc/core": "~1.3.85",
    "existing": "1.0.0",
    "prettier": "^2.6.2",
    "typescript": "~5.1.3",
  },
  "name": "@proj/source",
}
`;
