// Jest Snapshot v1, https://goo.gl/fbAQLP

exports[`lib --bundler=vite should add build and test targets with vite and vitest 1`] = `
"/// <reference types='vitest' />
import { defineConfig } from 'vite';
import dts from 'vite-plugin-dts';
import * as path from 'path';
import { nxViteTsPaths } from '@nx/vite/plugins/nx-tsconfig-paths.plugin';

export default defineConfig({
  cacheDir: '../node_modules/.vite/my-lib',

  plugins: [
    nxViteTsPaths(),
    dts({
      entryRoot: 'src',
      tsConfigFilePath: path.join(__dirname, 'tsconfig.lib.json'),
      skipDiagnostics: true,
    }),
  ],

  // Uncomment this if you are using workers.
  // worker: {
  //  plugins: [ nxViteTsPaths() ],
  // },

  // Configuration for building your library.
  // See: https://vitejs.dev/guide/build.html#library-mode
  build: {
    lib: {
      // Could also be a dictionary or array of multiple entry points.
      entry: 'src/index.ts',
      name: 'my-lib',
      fileName: 'index',
      // Change this to the formats you want to support.
      // Don't forget to update your package.json as well.
      formats: ['es', 'cjs'],
    },
    rollupOptions: {
      // External packages that should not be bundled into your library.
      external: [],
    },
  },

  test: {
    globals: true,
    cache: {
      dir: '../node_modules/.vitest',
    },
    environment: 'jsdom',
    include: ['src/**/*.{test,spec}.{js,mjs,cjs,ts,mts,cts,jsx,tsx}'],
  },
});
"
`;

exports[`lib --unit-test-runner jest should generate test configuration with swc and js 1`] = `
"/* eslint-disable */
const { readFileSync } = require('fs');

// Reading the SWC compilation config and remove the "exclude"
// for the test files to be compiled by SWC
const { exclude: _, ...swcJestConfig } = JSON.parse(
  readFileSync(\`\${__dirname}/.swcrc\`, 'utf-8')
);

// disable .swcrc look-up by SWC core because we're passing in swcJestConfig ourselves.
// If we do not disable this, SWC Core will read .swcrc and won't transform our test files due to "exclude"
if (swcJestConfig.swcrc === undefined) {
  swcJestConfig.swcrc = false;
}

// Uncomment if using global setup/teardown files being transformed via swc
// https://nx.dev/packages/jest/documents/overview#global-setup/teardown-with-nx-libraries
// jest needs EsModule Interop to find the default exported setup/teardown functions
// swcJestConfig.module.noInterop = false;

module.exports = {
  displayName: 'my-lib',
  preset: '../jest.preset.js',
  transform: {
    '^.+\\\\.[tj]s$': ['@swc/jest', swcJestConfig],
  },
  moduleFileExtensions: ['ts', 'js', 'html'],
  testEnvironment: 'jsdom',
  coverageDirectory: '../coverage/my-lib',
};
"
`;
